0,1,2,3,4,5
abc
0
4
0,a,1
0,b,2
1,b,3
2,a,3
2,b,4
3,c,5
5,a,5
