0,1,2,3,4
abc
0
3,4
0,a,1
1,b,2
1,c,3
2,a,1
3,c,4
4,c,4
